// Jest Snapshot v1, https://goo.gl/fbAQLP

exports[`Time for instant snapshots should always fail 1`] = `
Object {
  "createdAt": 2019-08-26T20:22:05.298Z,
  "id": 6,
}
`;

exports[`Time for instant snapshots should bring out an exception 1`] = `
Object {
  "id": Any<Number>,
  "name": "Steve",
}
`;

exports[`Time for instant snapshots should snapshot 1`] = `
Object {
  "gender": "Male",
  "id": 1,
  "name": "Rick Sanches",
  "species": "Human",
  "status": "Alive",
}
`;
